::1 - - [14/Oct/2024:18:26:43 +1300] "GET /WaitemataSynchroClub/classes.php HTTP/1.1" 200 4452
::1 - - [14/Oct/2024:18:26:44 +1300] "GET /WaitemataSynchroClub/synchro.css HTTP/1.1" 304 -
::1 - - [14/Oct/2024:18:26:44 +1300] "GET /WaitemataSynchroClub/login.css HTTP/1.1" 304 -
::1 - - [14/Oct/2024:18:26:49 +1300] "GET /WaitemataSynchroClub/ HTTP/1.1" 200 7430
::1 - - [14/Oct/2024:18:26:49 +1300] "GET /WaitemataSynchroClub/images/award.png HTTP/1.1" 304 -
::1 - - [14/Oct/2024:18:26:49 +1300] "GET /WaitemataSynchroClub/image/awards HTTP/1.1" 404 196
::1 - - [14/Oct/2024:18:26:55 +1300] "GET /WaitemataSynchroClub/test.php HTTP/1.1" 200 1509
::1 - - [14/Oct/2024:18:27:24 +1300] "GET /WaitemataSynchroClub/test.php HTTP/1.1" 200 1518
::1 - - [14/Oct/2024:18:28:07 +1300] "GET /WaitemataSynchroClub/test.php HTTP/1.1" 200 1575
::1 - - [14/Oct/2024:18:28:08 +1300] "GET /WaitemataSynchroClub/test.php HTTP/1.1" 200 1575
::1 - - [14/Oct/2024:18:28:29 +1300] "GET /WaitemataSynchroClub/test.php HTTP/1.1" 200 1578
::1 - - [14/Oct/2024:18:29:10 +1300] "GET /WaitemataSynchroClub/test.php HTTP/1.1" 200 1510
::1 - - [14/Oct/2024:18:30:34 +1300] "GET /WaitemataSynchroClub/test.php HTTP/1.1" 200 1528
::1 - - [14/Oct/2024:18:31:23 +1300] "GET /WaitemataSynchroClub/test.php HTTP/1.1" 200 1510
::1 - - [14/Oct/2024:18:32:36 +1300] "GET /WaitemataSynchroClub/test.php HTTP/1.1" 200 7422
::1 - - [14/Oct/2024:18:32:36 +1300] "GET /WaitemataSynchroClub/image/awards HTTP/1.1" 404 196
::1 - - [14/Oct/2024:18:33:23 +1300] "GET /WaitemataSynchroClub/test.php HTTP/1.1" 200 7422
::1 - - [14/Oct/2024:18:33:24 +1300] "GET /WaitemataSynchroClub/test.php HTTP/1.1" 200 7422
::1 - - [14/Oct/2024:18:33:28 +1300] "GET /WaitemataSynchroClub/test.php HTTP/1.1" 200 7422
::1 - - [14/Oct/2024:18:33:34 +1300] "GET /WaitemataSynchroClub/test.php HTTP/1.1" 200 7422
::1 - - [14/Oct/2024:18:33:39 +1300] "GET /WaitemataSynchroClub/test.php HTTP/1.1" 200 7422
::1 - - [14/Oct/2024:18:33:51 +1300] "GET /WaitemataSynchroClub/test.php HTTP/1.1" 200 7422
::1 - - [14/Oct/2024:18:33:51 +1300] "GET /WaitemataSynchroClub/image/awards HTTP/1.1" 404 196
::1 - - [14/Oct/2024:18:33:54 +1300] "GET /WaitemataSynchroClub/test.php HTTP/1.1" 200 7422
::1 - - [14/Oct/2024:18:33:54 +1300] "GET /WaitemataSynchroClub/synchro.css HTTP/1.1" 200 11400
::1 - - [14/Oct/2024:18:33:54 +1300] "GET /WaitemataSynchroClub/images/facebook.png HTTP/1.1" 200 6874
::1 - - [14/Oct/2024:18:33:54 +1300] "GET /WaitemataSynchroClub/images/instagram.png HTTP/1.1" 200 24385
::1 - - [14/Oct/2024:18:33:54 +1300] "GET /WaitemataSynchroClub/images/logo.png HTTP/1.1" 200 15847
::1 - - [14/Oct/2024:18:33:55 +1300] "GET /WaitemataSynchroClub/images/award.png HTTP/1.1" 200 9738
::1 - - [14/Oct/2024:18:33:55 +1300] "GET /WaitemataSynchroClub/image/awards HTTP/1.1" 404 196
::1 - - [14/Oct/2024:18:33:55 +1300] "GET /WaitemataSynchroClub/images/indeximage.png HTTP/1.1" 200 697290
::1 - - [14/Oct/2024:18:33:55 +1300] "GET /WaitemataSynchroClub/images/test3.png HTTP/1.1" 200 2197268
::1 - - [14/Oct/2024:18:33:55 +1300] "GET /WaitemataSynchroClub/images/logo.png HTTP/1.1" 200 15847
::1 - - [14/Oct/2024:18:34:13 +1300] "GET /WaitemataSynchroClub/test.php HTTP/1.1" 200 7422
::1 - - [14/Oct/2024:18:34:13 +1300] "GET /WaitemataSynchroClub/synchro.css HTTP/1.1" 200 11406
::1 - - [14/Oct/2024:18:34:13 +1300] "GET /WaitemataSynchroClub/image/awards HTTP/1.1" 404 196
::1 - - [14/Oct/2024:18:35:13 +1300] "GET /WaitemataSynchroClub/test.php HTTP/1.1" 200 7422
::1 - - [14/Oct/2024:18:35:13 +1300] "GET /WaitemataSynchroClub/synchro.css HTTP/1.1" 200 11400
::1 - - [14/Oct/2024:18:35:13 +1300] "GET /WaitemataSynchroClub/image/awards HTTP/1.1" 404 196
::1 - - [14/Oct/2024:18:36:03 +1300] "GET /WaitemataSynchroClub/test.php HTTP/1.1" 200 7422
::1 - - [14/Oct/2024:18:36:03 +1300] "GET /WaitemataSynchroClub/synchro.css HTTP/1.1" 200 11412
::1 - - [14/Oct/2024:18:36:03 +1300] "GET /WaitemataSynchroClub/image/awards HTTP/1.1" 404 196
::1 - - [14/Oct/2024:18:36:35 +1300] "GET /WaitemataSynchroClub/test.php HTTP/1.1" 200 7422
::1 - - [14/Oct/2024:18:36:35 +1300] "GET /WaitemataSynchroClub/synchro.css HTTP/1.1" 200 11406
::1 - - [14/Oct/2024:18:36:35 +1300] "GET /WaitemataSynchroClub/image/awards HTTP/1.1" 404 196
::1 - - [14/Oct/2024:18:37:54 +1300] "GET /WaitemataSynchroClub/test.php HTTP/1.1" 200 7422
::1 - - [14/Oct/2024:18:37:54 +1300] "GET /WaitemataSynchroClub/synchro.css HTTP/1.1" 200 11406
::1 - - [14/Oct/2024:18:37:54 +1300] "GET /WaitemataSynchroClub/image/awards HTTP/1.1" 404 196
::1 - - [14/Oct/2024:18:38:26 +1300] "GET /WaitemataSynchroClub/test.php HTTP/1.1" 200 7422
::1 - - [14/Oct/2024:18:38:26 +1300] "GET /WaitemataSynchroClub/synchro.css HTTP/1.1" 200 11400
::1 - - [14/Oct/2024:18:38:26 +1300] "GET /WaitemataSynchroClub/image/awards HTTP/1.1" 404 196
::1 - - [14/Oct/2024:18:39:03 +1300] "GET /WaitemataSynchroClub/test.php HTTP/1.1" 200 7422
::1 - - [14/Oct/2024:18:39:03 +1300] "GET /WaitemataSynchroClub/synchro.css HTTP/1.1" 200 11394
::1 - - [14/Oct/2024:18:39:03 +1300] "GET /WaitemataSynchroClub/image/awards HTTP/1.1" 404 196
::1 - - [14/Oct/2024:18:39:57 +1300] "GET /WaitemataSynchroClub/test.php HTTP/1.1" 200 6316
::1 - - [14/Oct/2024:18:39:57 +1300] "GET /WaitemataSynchroClub/synchro.css HTTP/1.1" 304 -
::1 - - [14/Oct/2024:18:40:54 +1300] "GET /WaitemataSynchroClub/test.php HTTP/1.1" 200 6300
::1 - - [14/Oct/2024:18:40:54 +1300] "GET /WaitemataSynchroClub/synchro.css HTTP/1.1" 304 -
::1 - - [14/Oct/2024:18:45:08 +1300] "GET /WaitemataSynchroClub/test.php HTTP/1.1" 200 6318
::1 - - [14/Oct/2024:18:45:08 +1300] "GET /WaitemataSynchroClub/synchro.css HTTP/1.1" 304 -
::1 - - [14/Oct/2024:18:45:08 +1300] "GET /WaitemataSynchroClub/image/awards HTTP/1.1" 404 196
::1 - - [14/Oct/2024:18:45:45 +1300] "GET /WaitemataSynchroClub/test.php HTTP/1.1" 200 6335
::1 - - [14/Oct/2024:18:45:45 +1300] "GET /WaitemataSynchroClub/synchro.css HTTP/1.1" 304 -
::1 - - [14/Oct/2024:18:46:46 +1300] "GET /WaitemataSynchroClub/test.php HTTP/1.1" 200 6300
::1 - - [14/Oct/2024:18:46:47 +1300] "GET /WaitemataSynchroClub/synchro.css HTTP/1.1" 304 -
::1 - - [14/Oct/2024:18:47:05 +1300] "GET /WaitemataSynchroClub/test.php HTTP/1.1" 200 7418
::1 - - [14/Oct/2024:18:48:46 +1300] "GET /WaitemataSynchroClub/compinfo.php HTTP/1.1" 200 5745
::1 - - [14/Oct/2024:18:48:46 +1300] "GET /WaitemataSynchroClub/synchro.css HTTP/1.1" 304 -
::1 - - [14/Oct/2024:18:48:46 +1300] "GET /WaitemataSynchroClub/images/events.png HTTP/1.1" 304 -
::1 - - [14/Oct/2024:18:48:46 +1300] "GET /WaitemataSynchroClub/images/results.png HTTP/1.1" 304 -
::1 - - [14/Oct/2024:18:48:46 +1300] "GET /WaitemataSynchroClub/images/rules.png HTTP/1.1" 304 -
::1 - - [14/Oct/2024:18:48:54 +1300] "GET /WaitemataSynchroClub/clubinfo.php HTTP/1.1" 200 6655
::1 - - [14/Oct/2024:18:49:42 +1300] "GET /WaitemataSynchroClub/clubinfo.php HTTP/1.1" 200 6655
::1 - - [14/Oct/2024:18:49:51 +1300] "GET /WaitemataSynchroClub/test.php HTTP/1.1" 200 6642
::1 - - [14/Oct/2024:18:49:51 +1300] "GET /WaitemataSynchroClub/synchro.css HTTP/1.1" 304 -
::1 - - [14/Oct/2024:18:51:37 +1300] "GET /WaitemataSynchroClub/test.php HTTP/1.1" 200 6642
::1 - - [14/Oct/2024:18:51:37 +1300] "GET /WaitemataSynchroClub/synchro.css HTTP/1.1" 200 11394
::1 - - [14/Oct/2024:18:51:51 +1300] "GET /WaitemataSynchroClub/test.php HTTP/1.1" 200 6642
::1 - - [14/Oct/2024:18:51:51 +1300] "GET /WaitemataSynchroClub/synchro.css HTTP/1.1" 200 11419
::1 - - [14/Oct/2024:18:53:21 +1300] "GET /WaitemataSynchroClub/test.php HTTP/1.1" 200 6642
::1 - - [14/Oct/2024:18:53:21 +1300] "GET /WaitemataSynchroClub/synchro.css HTTP/1.1" 200 11394
::1 - - [14/Oct/2024:18:54:20 +1300] "GET /WaitemataSynchroClub/clubinfo.php HTTP/1.1" 200 6655
::1 - - [14/Oct/2024:18:54:20 +1300] "GET /WaitemataSynchroClub/synchro.css HTTP/1.1" 304 -
::1 - - [14/Oct/2024:18:54:23 +1300] "GET /WaitemataSynchroClub/compinfo.php HTTP/1.1" 200 5745
::1 - - [14/Oct/2024:18:55:00 +1300] "GET /WaitemataSynchroClub/compinfo.php HTTP/1.1" 200 5745
::1 - - [14/Oct/2024:18:55:00 +1300] "GET /WaitemataSynchroClub/synchro.css HTTP/1.1" 200 11416
::1 - - [14/Oct/2024:18:55:01 +1300] "GET /WaitemataSynchroClub/compinfo.php HTTP/1.1" 200 5745
::1 - - [14/Oct/2024:18:55:01 +1300] "GET /WaitemataSynchroClub/synchro.css HTTP/1.1" 304 -
::1 - - [14/Oct/2024:18:55:02 +1300] "GET /WaitemataSynchroClub/compinfo.php HTTP/1.1" 200 5745
::1 - - [14/Oct/2024:18:55:02 +1300] "GET /WaitemataSynchroClub/synchro.css HTTP/1.1" 304 -
::1 - - [14/Oct/2024:18:55:02 +1300] "GET /WaitemataSynchroClub/compinfo.php HTTP/1.1" 200 5745
::1 - - [14/Oct/2024:18:55:02 +1300] "GET /WaitemataSynchroClub/synchro.css HTTP/1.1" 304 -
::1 - - [14/Oct/2024:18:55:02 +1300] "GET /WaitemataSynchroClub/compinfo.php HTTP/1.1" 200 5745
::1 - - [14/Oct/2024:18:55:02 +1300] "GET /WaitemataSynchroClub/synchro.css HTTP/1.1" 304 -
::1 - - [14/Oct/2024:18:55:05 +1300] "GET /WaitemataSynchroClub/synchro.css HTTP/1.1" 304 -
::1 - - [14/Oct/2024:18:55:14 +1300] "GET /WaitemataSynchroClub/compinfo.php HTTP/1.1" 200 5745
::1 - - [14/Oct/2024:18:55:14 +1300] "GET /WaitemataSynchroClub/synchro.css HTTP/1.1" 304 -
::1 - - [14/Oct/2024:18:55:14 +1300] "GET /WaitemataSynchroClub/images/events.png HTTP/1.1" 200 1701248
::1 - - [14/Oct/2024:18:55:14 +1300] "GET /WaitemataSynchroClub/images/results.png HTTP/1.1" 200 1295865
::1 - - [14/Oct/2024:18:55:14 +1300] "GET /WaitemataSynchroClub/images/rules.png HTTP/1.1" 200 1356898
::1 - - [14/Oct/2024:18:55:19 +1300] "GET /WaitemataSynchroClub/compinfo.php HTTP/1.1" 200 5745
::1 - - [14/Oct/2024:18:55:19 +1300] "GET /WaitemataSynchroClub/synchro.css HTTP/1.1" 200 11416
::1 - - [14/Oct/2024:18:55:19 +1300] "GET /WaitemataSynchroClub/images/facebook.png HTTP/1.1" 200 6874
::1 - - [14/Oct/2024:18:55:19 +1300] "GET /WaitemataSynchroClub/images/instagram.png HTTP/1.1" 200 24385
::1 - - [14/Oct/2024:18:55:19 +1300] "GET /WaitemataSynchroClub/images/logo.png HTTP/1.1" 200 15847
::1 - - [14/Oct/2024:18:55:20 +1300] "GET /WaitemataSynchroClub/images/events.png HTTP/1.1" 200 1701248
::1 - - [14/Oct/2024:18:55:20 +1300] "GET /WaitemataSynchroClub/images/results.png HTTP/1.1" 200 1295865
::1 - - [14/Oct/2024:18:55:20 +1300] "GET /WaitemataSynchroClub/images/rules.png HTTP/1.1" 200 1356898
::1 - - [14/Oct/2024:18:55:20 +1300] "GET /WaitemataSynchroClub/images/logo.png HTTP/1.1" 200 15847
::1 - - [14/Oct/2024:18:55:38 +1300] "GET /WaitemataSynchroClub/compinfo.php HTTP/1.1" 200 5745
::1 - - [14/Oct/2024:18:55:38 +1300] "GET /WaitemataSynchroClub/synchro.css HTTP/1.1" 200 11437
::1 - - [14/Oct/2024:18:55:39 +1300] "GET /WaitemataSynchroClub/compinfo.php HTTP/1.1" 200 5745
::1 - - [14/Oct/2024:18:55:39 +1300] "GET /WaitemataSynchroClub/synchro.css HTTP/1.1" 304 -
::1 - - [14/Oct/2024:18:55:39 +1300] "GET /WaitemataSynchroClub/compinfo.php HTTP/1.1" 200 5745
::1 - - [14/Oct/2024:18:55:39 +1300] "GET /WaitemataSynchroClub/synchro.css HTTP/1.1" 304 -
::1 - - [14/Oct/2024:18:55:39 +1300] "GET /WaitemataSynchroClub/compinfo.php HTTP/1.1" 200 5745
::1 - - [14/Oct/2024:18:55:39 +1300] "GET /WaitemataSynchroClub/synchro.css HTTP/1.1" 304 -
::1 - - [14/Oct/2024:18:55:40 +1300] "GET /WaitemataSynchroClub/compinfo.php HTTP/1.1" 200 5745
::1 - - [14/Oct/2024:18:55:40 +1300] "GET /WaitemataSynchroClub/synchro.css HTTP/1.1" 304 -
::1 - - [14/Oct/2024:18:55:40 +1300] "GET /WaitemataSynchroClub/compinfo.php HTTP/1.1" 200 5745
::1 - - [14/Oct/2024:18:55:44 +1300] "GET /WaitemataSynchroClub/synchro.css HTTP/1.1" 304 -
::1 - - [14/Oct/2024:18:55:47 +1300] "GET /WaitemataSynchroClub/compinfo.php HTTP/1.1" 200 5745
::1 - - [14/Oct/2024:18:55:47 +1300] "GET /WaitemataSynchroClub/synchro.css HTTP/1.1" 304 -
::1 - - [14/Oct/2024:18:55:50 +1300] "GET /WaitemataSynchroClub/compinfo.php HTTP/1.1" 200 5745
::1 - - [14/Oct/2024:18:55:50 +1300] "GET /WaitemataSynchroClub/synchro.css HTTP/1.1" 200 11437
::1 - - [14/Oct/2024:18:55:50 +1300] "GET /WaitemataSynchroClub/images/facebook.png HTTP/1.1" 200 6874
::1 - - [14/Oct/2024:18:55:50 +1300] "GET /WaitemataSynchroClub/images/instagram.png HTTP/1.1" 200 24385
::1 - - [14/Oct/2024:18:55:50 +1300] "GET /WaitemataSynchroClub/images/logo.png HTTP/1.1" 200 15847
::1 - - [14/Oct/2024:18:55:50 +1300] "GET /WaitemataSynchroClub/images/results.png HTTP/1.1" 200 1295865
::1 - - [14/Oct/2024:18:55:50 +1300] "GET /WaitemataSynchroClub/images/rules.png HTTP/1.1" 200 1356898
::1 - - [14/Oct/2024:18:55:50 +1300] "GET /WaitemataSynchroClub/images/events.png HTTP/1.1" 200 1701248
::1 - - [14/Oct/2024:18:55:50 +1300] "GET /WaitemataSynchroClub/images/logo.png HTTP/1.1" 200 15847
::1 - - [14/Oct/2024:18:59:07 +1300] "GET /WaitemataSynchroClub/compinfo.php HTTP/1.1" 200 5745
::1 - - [14/Oct/2024:18:59:07 +1300] "GET /WaitemataSynchroClub/synchro.css HTTP/1.1" 200 11396
::1 - - [14/Oct/2024:19:05:07 +1300] "GET /WaitemataSynchroClub/compinfo.php HTTP/1.1" 200 5745
::1 - - [14/Oct/2024:19:05:08 +1300] "GET /WaitemataSynchroClub/synchro.css HTTP/1.1" 200 11396
::1 - - [14/Oct/2024:19:05:30 +1300] "GET /WaitemataSynchroClub/compinfo.php HTTP/1.1" 200 5745
::1 - - [14/Oct/2024:19:05:31 +1300] "GET /WaitemataSynchroClub/synchro.css HTTP/1.1" 200 11396
::1 - - [14/Oct/2024:19:05:38 +1300] "GET /WaitemataSynchroClub/compinfo.php HTTP/1.1" 200 5745
::1 - - [14/Oct/2024:19:05:38 +1300] "GET /WaitemataSynchroClub/synchro.css HTTP/1.1" 200 11396
::1 - - [14/Oct/2024:19:05:47 +1300] "GET /WaitemataSynchroClub/compinfo.php HTTP/1.1" 200 5745
::1 - - [14/Oct/2024:19:05:47 +1300] "GET /WaitemataSynchroClub/synchro.css HTTP/1.1" 200 11396
::1 - - [14/Oct/2024:19:05:53 +1300] "GET /WaitemataSynchroClub/compinfo.php HTTP/1.1" 200 5745
::1 - - [14/Oct/2024:19:05:53 +1300] "GET /WaitemataSynchroClub/synchro.css HTTP/1.1" 200 11396
::1 - - [14/Oct/2024:19:06:35 +1300] "GET /WaitemataSynchroClub/sponsors.php HTTP/1.1" 200 4475
::1 - - [14/Oct/2024:19:06:35 +1300] "GET /WaitemataSynchroClub/synchro.css HTTP/1.1" 304 -
::1 - - [14/Oct/2024:19:06:35 +1300] "GET /WaitemataSynchroClub/images/PCL.png HTTP/1.1" 304 -
::1 - - [14/Oct/2024:19:09:06 +1300] "GET /WaitemataSynchroClub/index.php HTTP/1.1" 200 7430
::1 - - [14/Oct/2024:19:09:06 +1300] "GET /WaitemataSynchroClub/synchro.css HTTP/1.1" 304 -
::1 - - [14/Oct/2024:19:09:06 +1300] "GET /WaitemataSynchroClub/images/award.png HTTP/1.1" 304 -
::1 - - [14/Oct/2024:19:09:06 +1300] "GET /WaitemataSynchroClub/image/awards HTTP/1.1" 404 196
::1 - - [14/Oct/2024:19:09:42 +1300] "GET /WaitemataSynchroClub/index.php HTTP/1.1" 200 7455
::1 - - [14/Oct/2024:19:09:42 +1300] "GET /WaitemataSynchroClub/synchro.css HTTP/1.1" 304 -
::1 - - [14/Oct/2024:19:09:51 +1300] "GET /WaitemataSynchroClub/index.php HTTP/1.1" 200 7456
::1 - - [14/Oct/2024:19:10:08 +1300] "GET /WaitemataSynchroClub/index.php HTTP/1.1" 200 7478
::1 - - [14/Oct/2024:19:10:08 +1300] "GET /WaitemataSynchroClub/synchro.css HTTP/1.1" 304 -
::1 - - [14/Oct/2024:19:10:09 +1300] "GET /WaitemataSynchroClub/index.php HTTP/1.1" 200 7478
::1 - - [14/Oct/2024:19:10:12 +1300] "GET /WaitemataSynchroClub/index.php HTTP/1.1" 200 7478
::1 - - [14/Oct/2024:19:10:12 +1300] "GET /WaitemataSynchroClub/index.php HTTP/1.1" 200 7478
::1 - - [14/Oct/2024:19:10:12 +1300] "GET /WaitemataSynchroClub/index.php HTTP/1.1" 200 7478
::1 - - [14/Oct/2024:19:10:30 +1300] "GET /WaitemataSynchroClub/index.php HTTP/1.1" 200 7486
::1 - - [14/Oct/2024:19:10:37 +1300] "GET /WaitemataSynchroClub/clubinfo.php HTTP/1.1" 200 6655
::1 - - [14/Oct/2024:19:10:37 +1300] "GET /WaitemataSynchroClub/synchro.css HTTP/1.1" 304 -
::1 - - [14/Oct/2024:19:10:37 +1300] "GET /WaitemataSynchroClub/index.php HTTP/1.1" 200 7486
::1 - - [14/Oct/2024:19:11:11 +1300] "GET /WaitemataSynchroClub/index.php HTTP/1.1" 200 7486
::1 - - [14/Oct/2024:19:11:11 +1300] "GET /WaitemataSynchroClub/synchro.css HTTP/1.1" 304 -
::1 - - [14/Oct/2024:19:11:12 +1300] "GET /WaitemataSynchroClub/classes.php HTTP/1.1" 200 4452
::1 - - [14/Oct/2024:19:11:14 +1300] "GET /WaitemataSynchroClub/index.php HTTP/1.1" 200 7486
::1 - - [14/Oct/2024:19:11:49 +1300] "GET /WaitemataSynchroClub/clubinfo.php HTTP/1.1" 200 6655
::1 - - [14/Oct/2024:19:11:49 +1300] "GET /WaitemataSynchroClub/synchro.css HTTP/1.1" 304 -
::1 - - [14/Oct/2024:19:12:23 +1300] "GET /WaitemataSynchroClub/compinfo.php HTTP/1.1" 200 5745
::1 - - [14/Oct/2024:19:12:48 +1300] "GET /WaitemataSynchroClub/classes.php HTTP/1.1" 200 4452
::1 - - [14/Oct/2024:19:12:48 +1300] "GET /WaitemataSynchroClub/synchro.css HTTP/1.1" 304 -
::1 - - [14/Oct/2024:19:13:06 +1300] "POST /WaitemataSynchroClub/phpcode/signup.php HTTP/1.1" 302 2
::1 - - [14/Oct/2024:19:13:07 +1300] "GET /WaitemataSynchroClub/classes.php HTTP/1.1" 200 4540
::1 - - [14/Oct/2024:19:13:13 +1300] "POST /WaitemataSynchroClub/phpcode/signup.php HTTP/1.1" 302 2
::1 - - [14/Oct/2024:19:13:13 +1300] "GET /WaitemataSynchroClub/classes.php HTTP/1.1" 200 4580
::1 - - [14/Oct/2024:19:13:51 +1300] "POST /WaitemataSynchroClub/phpcode/signup.php HTTP/1.1" 302 2
::1 - - [14/Oct/2024:19:13:51 +1300] "GET /WaitemataSynchroClub/classes.php HTTP/1.1" 200 4569
::1 - - [14/Oct/2024:19:13:52 +1300] "GET /WaitemataSynchroClub/synchro.css HTTP/1.1" 304 -
::1 - - [14/Oct/2024:19:14:09 +1300] "POST /WaitemataSynchroClub/phpcode/login.php HTTP/1.1" 302 -
::1 - - [14/Oct/2024:19:14:10 +1300] "POST /WaitemataSynchroClub/phpcode/login.php HTTP/1.1" 302 -
::1 - - [14/Oct/2024:19:14:11 +1300] "GET /WaitemataSynchroClub/classes.php?login=success HTTP/1.1" 200 4794
::1 - - [14/Oct/2024:19:14:20 +1300] "POST /WaitemataSynchroClub/phpcode/joinsessions.php HTTP/1.1" 302 -
::1 - - [14/Oct/2024:19:14:20 +1300] "GET /WaitemataSynchroClub/classes.php?sessionchange=success HTTP/1.1" 200 4834
::1 - - [14/Oct/2024:19:14:28 +1300] "POST /WaitemataSynchroClub/phpcode/joinsessions.php HTTP/1.1" 302 -
::1 - - [14/Oct/2024:19:14:28 +1300] "GET /WaitemataSynchroClub/classes.php?sessionchange=success HTTP/1.1" 200 4842
::1 - - [14/Oct/2024:19:14:32 +1300] "POST /WaitemataSynchroClub/phpcode/logout.php HTTP/1.1" 302 -
::1 - - [14/Oct/2024:19:14:32 +1300] "GET /WaitemataSynchroClub/classes.php HTTP/1.1" 200 4452
::1 - - [14/Oct/2024:19:14:36 +1300] "GET /WaitemataSynchroClub/gallery.php HTTP/1.1" 200 4224
::1 - - [14/Oct/2024:19:14:36 +1300] "GET /WaitemataSynchroClub/gallery.css HTTP/1.1" 304 -
::1 - - [14/Oct/2024:19:14:36 +1300] "GET /WaitemataSynchroClub/images/piggyback.png HTTP/1.1" 304 -
::1 - - [14/Oct/2024:19:14:36 +1300] "GET /WaitemataSynchroClub/images/standingauopen.png HTTP/1.1" 304 -
::1 - - [14/Oct/2024:19:14:53 +1300] "GET /WaitemataSynchroClub/sponsors.php HTTP/1.1" 200 4475
::1 - - [14/Oct/2024:19:14:53 +1300] "GET /WaitemataSynchroClub/synchro.css HTTP/1.1" 304 -
::1 - - [14/Oct/2024:19:15:14 +1300] "GET /WaitemataSynchroClub/contacts.php HTTP/1.1" 200 4260
::1 - - [14/Oct/2024:20:25:36 +1300] "GET /WaitemataSynchroClub/index.php HTTP/1.1" 200 7467
::1 - - [14/Oct/2024:20:25:37 +1300] "GET /WaitemataSynchroClub/synchro.css HTTP/1.1" 304 -
::1 - - [14/Oct/2024:20:25:37 +1300] "GET /WaitemataSynchroClub/image/awards HTTP/1.1" 404 196
::1 - - [14/Oct/2024:20:25:37 +1300] "GET /WaitemataSynchroClub/images/award.png HTTP/1.1" 304 -
::1 - - [14/Oct/2024:20:25:57 +1300] "GET /WaitemataSynchroClub/index.php HTTP/1.1" 200 7467
::1 - - [14/Oct/2024:20:26:02 +1300] "GET /WaitemataSynchroClub/clubinfo.php HTTP/1.1" 200 6636
::1 - - [14/Oct/2024:20:26:05 +1300] "GET /WaitemataSynchroClub/compinfo.php HTTP/1.1" 200 5726
::1 - - [14/Oct/2024:20:26:17 +1300] "GET /WaitemataSynchroClub/compinfo.php HTTP/1.1" 200 5767
::1 - - [14/Oct/2024:20:26:20 +1300] "GET /WaitemataSynchroClub/classes.php HTTP/1.1" 200 4433
::1 - - [14/Oct/2024:20:26:35 +1300] "GET /WaitemataSynchroClub/classes.php HTTP/1.1" 200 4473
::1 - - [14/Oct/2024:20:26:46 +1300] "POST /WaitemataSynchroClub/phpcode/login.php HTTP/1.1" 302 -
::1 - - [14/Oct/2024:20:26:46 +1300] "GET /WaitemataSynchroClub/classes.php HTTP/1.1" 200 4515
::1 - - [14/Oct/2024:20:26:49 +1300] "POST /WaitemataSynchroClub/phpcode/login.php HTTP/1.1" 302 -
::1 - - [14/Oct/2024:20:26:49 +1300] "GET /WaitemataSynchroClub/classes.php?login=success HTTP/1.1" 200 4815
::1 - - [14/Oct/2024:20:26:55 +1300] "GET /WaitemataSynchroClub/classes.php?login=success HTTP/1.1" 200 4816
::1 - - [14/Oct/2024:20:26:59 +1300] "GET /WaitemataSynchroClub/classes.php?login=success HTTP/1.1" 200 4816
::1 - - [14/Oct/2024:20:27:01 +1300] "POST /WaitemataSynchroClub/phpcode/logout.php HTTP/1.1" 302 -
::1 - - [14/Oct/2024:20:27:01 +1300] "GET /WaitemataSynchroClub/classes.php HTTP/1.1" 200 4474
::1 - - [14/Oct/2024:20:27:03 +1300] "GET /WaitemataSynchroClub/gallery.php HTTP/1.1" 200 4205
::1 - - [14/Oct/2024:20:27:15 +1300] "GET /WaitemataSynchroClub/gallery.php HTTP/1.1" 200 4205
::1 - - [14/Oct/2024:20:27:18 +1300] "GET /WaitemataSynchroClub/sponsors.php HTTP/1.1" 200 4456
::1 - - [14/Oct/2024:20:27:35 +1300] "GET /WaitemataSynchroClub/sponsors.php HTTP/1.1" 200 4497
::1 - - [14/Oct/2024:20:27:40 +1300] "GET /WaitemataSynchroClub/sponsors.php HTTP/1.1" 200 4497
::1 - - [14/Oct/2024:20:27:46 +1300] "GET /WaitemataSynchroClub/sponsors.php HTTP/1.1" 200 4497
::1 - - [14/Oct/2024:20:27:49 +1300] "GET /WaitemataSynchroClub/contacts.php HTTP/1.1" 200 4241
::1 - - [14/Oct/2024:20:28:03 +1300] "GET /WaitemataSynchroClub/contacts.php HTTP/1.1" 200 4282
::1 - - [14/Oct/2024:20:28:11 +1300] "GET /WaitemataSynchroClub/contacts.php HTTP/1.1" 200 4282
::1 - - [14/Oct/2024:20:28:17 +1300] "GET /WaitemataSynchroClub/contacts.php HTTP/1.1" 200 4282
